# NAME: Rules
# AUTHOR: KempeR1t
# REPO: https://github.com/KempeR1t/Shadowrocket-config
# UPDATED: 2025-02-20
DOMAIN-SUFFIX,ai.google.dev
DOMAIN,cdn.usefathom.com
DOMAIN-SUFFIX,anthropic.com
DOMAIN-SUFFIX,aol.com
DOMAIN-SUFFIX,bbc.com
DOMAIN-SUFFIX,bestchange.com
DOMAIN-SUFFIX,bestchange.ru
DOMAIN-SUFFIX,bloomberg.com
DOMAIN-SUFFIX,browserleaks.com
DOMAIN-SUFFIX,callofdragonsguides.com
DOMAIN-SUFFIX,canva.com
DOMAIN-SUFFIX,cdn.id.supercell.com
DOMAIN-SUFFIX,chess.com
DOMAIN-SUFFIX,coursera.org
DOMAIN-SUFFIX,claude.ai
DOMAIN-SUFFIX,cloak.ist
DOMAIN-SUFFIX,cdnfbsbx.com,force-remote-dns
DOMAIN-SUFFIX,dailymotion.com
DOMAIN-SUFFIX,dell.com
DOMAIN-SUFFIX,download.jetbrains.com
DOMAIN-SUFFIX,downloads.marketplace.jetbrains.com
DOMAIN-SUFFIX,dyson.com
DOMAIN-SUFFIX,etahub.com
DOMAIN-SUFFIX,f.vision
DOMAIN-SUFFIX,flibusta.is
DOMAIN-SUFFIX,frameworks.jetbrains.com
DOMAIN-SUFFIX,futbin.org
DOMAIN-SUFFIX,g2a.com
DOMAIN-SUFFIX,game.clashroyaleapp.com
DOMAIN-SUFFIX,game.clashofclans.com
DOMAIN-SUFFIX,game.mocogame.com
DOMAIN-SUFFIX,game.brawlstarsgame.com
DOMAIN-SUFFIX,gaytube.com
DOMAIN-SUFFIX,getoutline.org
DOMAIN-SUFFIX,gravatar.com
DOMAIN-SUFFIX,grok.com
DOMAIN-SUFFIX,hetzner.com
DOMAIN-SUFFIX,holod.media
DOMAIN-SUFFIX,houseoffraser.co.uk
DOMAIN-SUFFIX,iherb.com
DOMAIN-SUFFIX,intercomcdn.com
DOMAIN-SUFFIX,intel.com
DOMAIN-SUFFIX,jetbrains.com
DOMAIN-SUFFIX,kahoot.com
DOMAIN-SUFFIX,kino.pub
DOMAIN-SUFFIX,kinozal.tv
DOMAIN-SUFFIX,kmail-lists.com
DOMAIN-SUFFIX,line.me
DOMAIN-SUFFIX,livefootball.su
DOMAIN-SUFFIX,lostfilm.today
DOMAIN-SUFFIX,medium.com
DOMAIN-SUFFIX,meduza.io
DOMAIN-SUFFIX,meta.com
DOMAIN-SUFFIX,metacritic.com
DOMAIN-SUFFIX,mos-gorsud.org
DOMAIN-SUFFIX,netflix.com
DOMAIN-SUFFIX,netpeaksoftware.com
DOMAIN-SUFFIX,nnmclub.to
DOMAIN-SUFFIX,onrocket.site
DOMAIN-SUFFIX,openwrt.org
DOMAIN-SUFFIX,patreon.com
DOMAIN-SUFFIX,phncdn.com
DOMAIN-SUFFIX,phprcdn.com
DOMAIN-SUFFIX,porngub.com
DOMAIN-SUFFIX,pornhub-deutsch.net
DOMAIN-SUFFIX,pornhubapparel.com
DOMAIN-SUFFIX,pornhub.com
DOMAIN-SUFFIX,pornhub.org
DOMAIN-SUFFIX,pornhubpremium.com
DOMAIN-SUFFIX,plugins.jetbrains.com
DOMAIN-SUFFIX,prntscr.com
DOMAIN-SUFFIX,proton.me
DOMAIN-SUFFIX,quora.com
DOMAIN-SUFFIX,republic.ru
DOMAIN-SUFFIX,resources.jetbrains.com
DOMAIN-SUFFIX,rutor.info
DOMAIN-SUFFIX,saveyourdata.info
DOMAIN-SUFFIX,security.id.supercell.com
DOMAIN-SUFFIX,setapp.com
DOMAIN-SUFFIX,signal.art
DOMAIN-SUFFIX,signal.org
DOMAIN-SUFFIX,signalexpertspro.com
DOMAIN-SUFFIX,signalusers.org
DOMAIN-SUFFIX,skladchik.com
DOMAIN-SUFFIX,skladchina.biz
DOMAIN-SUFFIX,slideshare.net
DOMAIN-SUFFIX,subito.it
DOMAIN-SUFFIX,soundcloud.com
DOMAIN-SUFFIX,spotify.com
DOMAIN-SUFFIX,sportsdirect.com
DOMAIN-SUFFIX,tinder.com
DOMAIN-SUFFIX,tumblr.com
DOMAIN-SUFFIX,twirpx.com
DOMAIN-SUFFIX,twitthat.com
DOMAIN-SUFFIX,twtkr.com
DOMAIN-SUFFIX,vimeo.com
DOMAIN-SUFFIX,vimeocdn.com
DOMAIN-SUFFIX,x.ai
DOMAIN-SUFFIX,yt3.ggpht.com
DOMAIN-SUFFIX,zona.media
#KEYWORD
DOMAIN-KEYWORD,aistudio
DOMAIN-KEYWORD,anthropic
DOMAIN-KEYWORD,canva
DOMAIN-KEYWORD,claude
DOMAIN-KEYWORD,grok
DOMAIN-KEYWORD,kinopub
DOMAIN-KEYWORD,musical.ly
DOMAIN-KEYWORD,pornhub
DOMAIN-KEYWORD,signal
DOMAIN-KEYWORD,supercell
DOMAIN-KEYWORD,tiktok
DOMAIN-KEYWORD,tinder
DOMAIN-KEYWORD,rutracker
#IP
IP-CIDR,95.216.186.135/32







