# NAME: Rules
# AUTHOR: KempeR1t
# REPO: https://github.com/KempeR1t/Shadowrocket-config
# UPDATED: 2025-02-20
DOMAIN-SUFFIX,ai.google.dev
DOMAIN-SUFFIX,aol.com
DOMAIN-SUFFIX,bbc.com
DOMAIN-SUFFIX,bloomberg.com
DOMAIN-SUFFIX,browserleaks.com
DOMAIN-SUFFIX,callofdragonsguides.com
DOMAIN-SUFFIX,canva.com
DOMAIN-SUFFIX,cloak.ist
DOMAIN-SUFFIX,cdnfbsbx.com,force-remote-dns
DOMAIN-SUFFIX,dailymotion.com
DOMAIN-SUFFIX,dell.com
DOMAIN-SUFFIX,discord-attachments-uploads-prd.storage.googleapis.com
DOMAIN-SUFFIX,dis.gd
DOMAIN-SUFFIX,discord.co
DOMAIN-SUFFIX,discord.com
DOMAIN-SUFFIX,discord.design
DOMAIN-SUFFIX,discord.dev
DOMAIN-SUFFIX,discord.gg
DOMAIN-SUFFIX,discord.gift
DOMAIN-SUFFIX,discord.gifts
DOMAIN-SUFFIX,discord.media
DOMAIN-SUFFIX,discord.new
DOMAIN-SUFFIX,discord.store
DOMAIN-SUFFIX,discord.tools
DOMAIN-SUFFIX,discordapp.com
DOMAIN-SUFFIX,discordapp.net
DOMAIN-SUFFIX,discordmerch.com
DOMAIN-SUFFIX,discordpartygames.com
DOMAIN-SUFFIX,discord-activities.com
DOMAIN-SUFFIX,discordactivities.com
DOMAIN-SUFFIX,discordsays.com
DOMAIN-SUFFIX,dyson.com
DOMAIN-SUFFIX,etahub.com
DOMAIN-SUFFIX,f.vision
DOMAIN-SUFFIX,flibusta.is
DOMAIN-SUFFIX,g2a.com
DOMAIN-SUFFIX,gaytube.com
DOMAIN-SUFFIX,getoutline.org
DOMAIN-SUFFIX,gravatar.com
DOMAIN-SUFFIX,grok.com
DOMAIN-SUFFIX,hetzner.com
DOMAIN-SUFFIX,houseoffraser.co.uk
DOMAIN-SUFFIX,iherb.com
DOMAIN-SUFFIX,intel.com
DOMAIN-SUFFIX,kahoot.com
DOMAIN-SUFFIX,kino.pub
DOMAIN-SUFFIX,kinozal.tv
DOMAIN-SUFFIX,kmail-lists.com
DOMAIN-SUFFIX,line.me
DOMAIN-SUFFIX,livefootball.su
DOMAIN-SUFFIX,lostfilm.today
DOMAIN-SUFFIX,medium.com
DOMAIN-SUFFIX,meduza.io
DOMAIN-SUFFIX,meta.com
DOMAIN-SUFFIX,metacritic.com
DOMAIN-SUFFIX,mos-gorsud.org
DOMAIN-SUFFIX,netflix.com
DOMAIN-SUFFIX,netpeaksoftware.com
DOMAIN-SUFFIX,nnmclub.to
DOMAIN-SUFFIX,onrocket.site
DOMAIN-SUFFIX,openwrt.org
DOMAIN-SUFFIX,patreon.com
DOMAIN-SUFFIX,phncdn.com
DOMAIN-SUFFIX,phprcdn.com
DOMAIN-SUFFIX,porngub.com
DOMAIN-SUFFIX,pornhub-deutsch.net
DOMAIN-SUFFIX,pornhubapparel.com
DOMAIN-SUFFIX,pornhub.com
DOMAIN-SUFFIX,pornhub.org
DOMAIN-SUFFIX,pornhubpremium.com
DOMAIN-SUFFIX,prntscr.com
DOMAIN-SUFFIX,proton.me
DOMAIN-SUFFIX,quora.com
DOMAIN-SUFFIX,rutor.info
DOMAIN-SUFFIX,saveyourdata.info
DOMAIN-SUFFIX,setapp.com
DOMAIN-SUFFIX,skladchik.com
DOMAIN-SUFFIX,skladchina.biz
DOMAIN-SUFFIX,slideshare.net
DOMAIN-SUFFIX,subito.it
DOMAIN-SUFFIX,soundcloud.com
DOMAIN-SUFFIX,spotify.com
DOMAIN-SUFFIX,sportsdirect.com
DOMAIN-SUFFIX,tinder.com
DOMAIN-SUFFIX,tumblr.com
DOMAIN-SUFFIX,twirpx.com
DOMAIN-SUFFIX,twitthat.com
DOMAIN-SUFFIX,twtkr.com
DOMAIN-SUFFIX,vimeo.com
DOMAIN-SUFFIX,vimeocdn.com
DOMAIN-SUFFIX,x.ai
DOMAIN-SUFFIX,yt3.ggpht.com
DOMAIN-SUFFIX,zona.media
#KEYWORD
DOMAIN-KEYWORD,kinopub
DOMAIN-KEYWORD,musical.ly
DOMAIN-KEYWORD,pornhub
DOMAIN-KEYWORD,tiktok
DOMAIN-KEYWORD,tinder
DOMAIN-KEYWORD,aistudio
DOMAIN-KEYWORD,rutracker
DOMAIN-KEYWORD,canva
DOMAIN-KEYWORD,grok
